/**
 * Angular icon information.
 */
export interface NgIcon {
    /**
     * Angular icon id.
     */
    readonly id: string
    /**
     * Angualr icon fetch uri address, like `logi/foo.svg`.
     */
    readonly uri: string
    /**
     * The uri file hash value.
     */
    readonly hash: string
    /**
     * Current icon belong to which groups.
     */
    readonly groups: readonly Group[]
}

/**
 * All groups of the icons.
 */
export const enum Group {
    ICONS,
}

const DATA: readonly Data[] = [
    ['dib', 'com_logiocean_design_icons/common/dib.svg', '52ec90c08c4a427d5f4b12fea4fc81b22bcbda58', [Group.ICONS]],
    ['ic_add', 'com_logiocean_design_icons/common/ic_add.svg', '3b65856244e049fcbe44ea978ddc7087e54198a1', [Group.ICONS]],
    ['ic_add_circle', 'com_logiocean_design_icons/common/ic_add_circle.svg', 'c10e21d5e36015f68688338eb1463aed126a4f6e', [Group.ICONS]],
    ['ic_add_node', 'com_logiocean_design_icons/common/ic_add_node.svg', '0b6d9a2b8614470b7415f45ac1c6d1e04f0c1d21', [Group.ICONS]],
    ['ic_add_row', 'com_logiocean_design_icons/common/ic_add_row.svg', '804c0d47d4e3a2b89d1efff1069c739683e5c610', [Group.ICONS]],
    ['ic_add_snippet', 'com_logiocean_design_icons/common/ic_add_snippet.svg', 'b20faf53418454d27d1dcb2a5df0b608acae0331', [Group.ICONS]],
    ['ic_alert_circle', 'com_logiocean_design_icons/common/ic_alert_circle.svg', '1ad2666fc30aa26f6c76da949e990f3026a1a91f', [Group.ICONS]],
    ['ic_align', 'com_logiocean_design_icons/common/ic_align.svg', '6efa4fe3e575b15527e60b0ceeff2cc8800b2f3f', [Group.ICONS]],
    ['ic_align_center', 'com_logiocean_design_icons/common/ic_align_center.svg', '4b0fed24ed81ecf302c0274754ed6e010fb99f6d', [Group.ICONS]],
    ['ic_align_right', 'com_logiocean_design_icons/common/ic_align_right.svg', '0a0a86e286745d60bd630d9400f1f0379b84c9ef', [Group.ICONS]],
    ['ic_arrow_add', 'com_logiocean_design_icons/common/ic_arrow_add.svg', '403db88826f6113c26ba6784fd9614ad6a59e45b', [Group.ICONS]],
    ['ic_arrow_down', 'com_logiocean_design_icons/common/ic_arrow_down.svg', 'ea5a15c01fbba9267f7815f4bb9bdd05c3e82ef5', [Group.ICONS]],
    ['ic_arrow_drop_down', 'com_logiocean_design_icons/common/ic_arrow_drop_down.svg', '6ad1631aa7a6d11f57b8f34ebf2e4d41550c5e12', [Group.ICONS]],
    ['ic_arrow_drop_left', 'com_logiocean_design_icons/common/ic_arrow_drop_left.svg', '8eab23e57b4bd4b1887fb977df6f50e3df7a8053', [Group.ICONS]],
    ['ic_arrow_drop_right', 'com_logiocean_design_icons/common/ic_arrow_drop_right.svg', '8ad16d4f594ef0267251d415242dd489d932fa67', [Group.ICONS]],
    ['ic_arrow_drop_up', 'com_logiocean_design_icons/common/ic_arrow_drop_up.svg', 'b0c33795f320d354d07ecb53282714f64d3eac17', [Group.ICONS]],
    ['ic_arrow_left', 'com_logiocean_design_icons/common/ic_arrow_left.svg', '09b9b315a29e369560ebd010a53968e79efbb08d', [Group.ICONS]],
    ['ic_arrow_node_down', 'com_logiocean_design_icons/common/ic_arrow_node_down.svg', '00f52609e57a615d05efcef57ca100d95c832342', [Group.ICONS]],
    ['ic_arrow_node_left', 'com_logiocean_design_icons/common/ic_arrow_node_left.svg', 'ef89d5f9a482b35622ecb760ac16b4459113afe5', [Group.ICONS]],
    ['ic_arrow_node_right', 'com_logiocean_design_icons/common/ic_arrow_node_right.svg', '976df6ec80ad94012772cfb9d89447181abc1e6c', [Group.ICONS]],
    ['ic_arrow_node_up', 'com_logiocean_design_icons/common/ic_arrow_node_up.svg', '1b04bb5af9e39d7d3f9fbf6c036cc1e10fcd6883', [Group.ICONS]],
    ['ic_arrow_remove', 'com_logiocean_design_icons/common/ic_arrow_remove.svg', '34f9a04c8b573af58f34b761cc3b473a92d6ee8b', [Group.ICONS]],
    ['ic_arrow_right', 'com_logiocean_design_icons/common/ic_arrow_right.svg', '25e144f0e55fabe90e6c9259f6bb19239af3dc81', [Group.ICONS]],
    ['ic_arrow_up', 'com_logiocean_design_icons/common/ic_arrow_up.svg', '94019fd5b5545d3b03a790a40227bb47b70e997f', [Group.ICONS]],
    ['ic_autofilter', 'com_logiocean_design_icons/common/ic_autofilter.svg', 'ac6a84b61de2b9d58df7e59377cf613c85b11a59', [Group.ICONS]],
    ['ic_autofilter_off', 'com_logiocean_design_icons/common/ic_autofilter_off.svg', '9f169e2d2dacb47d3162ad3239242b073ef0ec3b', [Group.ICONS]],
    ['ic_back', 'com_logiocean_design_icons/common/ic_back.svg', 'ffc672202f5cf55931dd5d0a28a6273a0df9f65a', [Group.ICONS]],
    ['ic_bold', 'com_logiocean_design_icons/common/ic_bold.svg', 'c42cd1d9fe900ea91b12acde69aabfd87373045f', [Group.ICONS]],
    ['ic_border', 'com_logiocean_design_icons/common/ic_border.svg', 'e91e123b674b7e054214c5f3aea4092a8d19853f', [Group.ICONS]],
    ['ic_border_bottom', 'com_logiocean_design_icons/common/ic_border_bottom.svg', '260efab129709f8c04cea764dd882ce018d791a7', [Group.ICONS]],
    ['ic_border_clear', 'com_logiocean_design_icons/common/ic_border_clear.svg', '0b31265a2e513d4bd50d612f515ed7d1d9312bd2', [Group.ICONS]],
    ['ic_border_color', 'com_logiocean_design_icons/common/ic_border_color.svg', '37f4d9dfa2be60cb3fd991f9c00e519d89c0d76b', [Group.ICONS]],
    ['ic_border_horizontal', 'com_logiocean_design_icons/common/ic_border_horizontal.svg', '312aacf2531c35720792dc82eeff476369270d25', [Group.ICONS]],
    ['ic_border_inner', 'com_logiocean_design_icons/common/ic_border_inner.svg', '676c34e9fb2af4f99cfd5482b90bb6c480a2b86b', [Group.ICONS]],
    ['ic_border_left', 'com_logiocean_design_icons/common/ic_border_left.svg', 'd9d4dcfaf1ff2148373a5d2f6cf66e96a4e83d4d', [Group.ICONS]],
    ['ic_border_outer', 'com_logiocean_design_icons/common/ic_border_outer.svg', '5e798068c18eaf4cde661e557e98a2d9456c4e57', [Group.ICONS]],
    ['ic_border_right', 'com_logiocean_design_icons/common/ic_border_right.svg', '1f6f3ee0714b92cb50d84d69810da03a8850a73d', [Group.ICONS]],
    ['ic_border_top', 'com_logiocean_design_icons/common/ic_border_top.svg', '07ae47a022af374b618d44e2cd14d7dc8ddd7fd0', [Group.ICONS]],
    ['ic_border_vertical', 'com_logiocean_design_icons/common/ic_border_vertical.svg', '63da9b03633511702c03e99fe50bc1244913f4d0', [Group.ICONS]],
    ['ic_calendar', 'com_logiocean_design_icons/common/ic_calendar.svg', '9e6660a28d5ea0d87b2f17c209d29f91fb1bbe78', [Group.ICONS]],
    ['ic_camera', 'com_logiocean_design_icons/common/ic_camera.svg', '8d0a4b0b19860ae8298eaf3e6031b85f4b13d226', [Group.ICONS]],
    ['ic_cell_color', 'com_logiocean_design_icons/common/ic_cell_color.svg', 'ca9ce2bdfbd09a1ba3ded69371d00633e58648ab', [Group.ICONS]],
    ['ic_chart', 'com_logiocean_design_icons/common/ic_chart.svg', '5ed74a16584bd10c667f675c7818d2065c852fe1', [Group.ICONS]],
    ['ic_chart_handle', 'com_logiocean_design_icons/common/ic_chart_handle.svg', '31f21478e405ab0ac23e9fc95ba9017f95b59d7a', [Group.ICONS]],
    ['ic_check_box', 'com_logiocean_design_icons/common/ic_check_box.svg', '7b03d6457e6fecb21436db1aae2a3d660073ea60', [Group.ICONS]],
    ['ic_check_box_blank', 'com_logiocean_design_icons/common/ic_check_box_blank.svg', 'e0fff5926539df564ed49f7e4de3c90aeed70fef', [Group.ICONS]],
    ['ic_close', 'com_logiocean_design_icons/common/ic_close.svg', '02cb0d84617ce36b27421067bd22bfa9dfb4c938', [Group.ICONS]],
    ['ic_comment', 'com_logiocean_design_icons/common/ic_comment.svg', '19a5d7e53303dd883b6660450eae5d04ab8f0842', [Group.ICONS]],
    ['ic_csv', 'com_logiocean_design_icons/common/ic_csv.svg', 'fa2457d8530be872a48aa802c7da9f9add785fb1', [Group.ICONS]],
    ['ic_currency', 'com_logiocean_design_icons/common/ic_currency.svg', 'e39deccf2407932ce7bc8535d7eb211297cc9838', [Group.ICONS]],
    ['ic_data', 'com_logiocean_design_icons/common/ic_data.svg', 'a26347924d9e54d1235a40223d7eaa85d8111b59', [Group.ICONS]],
    ['ic_data_blank', 'com_logiocean_design_icons/common/ic_data_blank.svg', 'e9e77ffcde102f56082c5577e71670fe3c3aad7f', [Group.ICONS]],
    ['ic_data_import', 'com_logiocean_design_icons/common/ic_data_import.svg', '00877ed5718b19fdec8b397aeccece6c4018d17c', [Group.ICONS]],
    ['ic_data_range', 'com_logiocean_design_icons/common/ic_data_range.svg', '27fae31a26ac3d2842bcc7b5949e1eedf3f61558', [Group.ICONS]],
    ['ic_decrease_indent', 'com_logiocean_design_icons/common/ic_decrease_indent.svg', '3afbe9264c23788553732985f5e2a78cfed626c2', [Group.ICONS]],
    ['ic_delete', 'com_logiocean_design_icons/common/ic_delete.svg', '182fefd5b59171245b43847a32e33c2c2ed9bbea', [Group.ICONS]],
    ['ic_delete_outline', 'com_logiocean_design_icons/common/ic_delete_outline.svg', '3e5db6dda2152c77c887ff05276c04423a3ebaa6', [Group.ICONS]],
    ['ic_download', 'com_logiocean_design_icons/common/ic_download.svg', 'a68e50d4923c67cb0b4bcc7df71593befb88af36', [Group.ICONS]],
    ['ic_drag', 'com_logiocean_design_icons/common/ic_drag.svg', 'e02e07ab5607c0c60d6d6c16d736e4878e579aed', [Group.ICONS]],
    ['ic_edit_copy', 'com_logiocean_design_icons/common/ic_edit_copy.svg', '9b59fa467f1593b8cdc282a880728872f1f466d0', [Group.ICONS]],
    ['ic_edit_cut', 'com_logiocean_design_icons/common/ic_edit_cut.svg', '6225cfc8ce1f038424e9a34c91423a62d6d993be', [Group.ICONS]],
    ['ic_edit_paste', 'com_logiocean_design_icons/common/ic_edit_paste.svg', 'e5d067aa329bc4d81da6ecda5b593e1d4cca9bed', [Group.ICONS]],
    ['ic_edit_redo', 'com_logiocean_design_icons/common/ic_edit_redo.svg', 'a5ec21eeaefb407e99483b8068bcb7f1bd1518a3', [Group.ICONS]],
    ['ic_edit_undo', 'com_logiocean_design_icons/common/ic_edit_undo.svg', 'fd78a30da55e2dff6d7609a6164bf7fea9bbc244', [Group.ICONS]],
    ['ic_equal', 'com_logiocean_design_icons/common/ic_equal.svg', 'ff8f3a7eaed04e4cd65bd93dd24b403a1bd77a01', [Group.ICONS]],
    ['ic_error', 'com_logiocean_design_icons/common/ic_error.svg', 'c470304a71c4ab6f34678eaec88559e92e03ffdc', [Group.ICONS]],
    ['ic_excel', 'com_logiocean_design_icons/common/ic_excel.svg', '48ca4416a576f69707d72f57b3dd8f6e876d5555', [Group.ICONS]],
    ['ic_file_content', 'com_logiocean_design_icons/common/ic_file_content.svg', 'ef2f9be589b52c37d36d3c805301cbda38790ab7', [Group.ICONS]],
    ['ic_file_empty', 'com_logiocean_design_icons/common/ic_file_empty.svg', 'e7f6dd8288b31336e0d8fbf68eb7d8a08c77615d', [Group.ICONS]],
    ['ic_first_page', 'com_logiocean_design_icons/common/ic_first_page.svg', 'e25740e6caddc8f697590c9fec31350e86313bd8', [Group.ICONS]],
    ['ic_flag', 'com_logiocean_design_icons/common/ic_flag.svg', '848f5828c8f0bdb9374e85ab7d0c5530a4f458f2', [Group.ICONS]],
    ['ic_flag_outline', 'com_logiocean_design_icons/common/ic_flag_outline.svg', '08ef24c94ebdbb3e3506fb881daedfdb59aee93e', [Group.ICONS]],
    ['ic_folder', 'com_logiocean_design_icons/common/ic_folder.svg', 'f07870da5f39ae13bf9e32a5ad47cf2a7dc2c6d3', [Group.ICONS]],
    ['ic_frozen', 'com_logiocean_design_icons/common/ic_frozen.svg', '16df5e32361fce53a55d0d98d41094a93e725c5c', [Group.ICONS]],
    ['ic_function', 'com_logiocean_design_icons/common/ic_function.svg', '7057631036536a59b6d9a768f79d3547888f6748', [Group.ICONS]],
    ['ic_group', 'com_logiocean_design_icons/common/ic_group.svg', '4bcfad317cf82971897981e7f8fb13ca25875621', [Group.ICONS]],
    ['ic_group_analysis', 'com_logiocean_design_icons/common/ic_group_analysis.svg', '4e604598ab6adf45bff76229a62f66d37766bf93', [Group.ICONS]],
    ['ic_group_detail', 'com_logiocean_design_icons/common/ic_group_detail.svg', '097866c4d19e1b0eb371d96bdf6f20b4f9a5d32a', [Group.ICONS]],
    ['ic_group_income', 'com_logiocean_design_icons/common/ic_group_income.svg', '85ad9cf07ad9ece2532c6bafe1b2bdf87caae65d', [Group.ICONS]],
    ['ic_group_quickglance', 'com_logiocean_design_icons/common/ic_group_quickglance.svg', '697c9b336f3fdc3f02e99a38ed6109e4f0aba366', [Group.ICONS]],
    ['ic_group_setting', 'com_logiocean_design_icons/common/ic_group_setting.svg', '7d4f0d48aeb06cc1fa02be1cec27502421018a4e', [Group.ICONS]],
    ['ic_handle', 'com_logiocean_design_icons/common/ic_handle.svg', 'a969c82e4af0d02e336f7a92fdbbae08e0238edf', [Group.ICONS]],
    ['ic_help', 'com_logiocean_design_icons/common/ic_help.svg', 'eb53a64b17bc3b2190f72610dcf55cf2e96cc0eb', [Group.ICONS]],
    ['ic_help_doc', 'com_logiocean_design_icons/common/ic_help_doc.svg', 'eb6dbfaca1ee7b9ec68bf4e14ee7614a963e28eb', [Group.ICONS]],
    ['ic_help_info', 'com_logiocean_design_icons/common/ic_help_info.svg', 'cccc39c187a89a713dded8cef8820111c0622e51', [Group.ICONS]],
    ['ic_help_tutorial', 'com_logiocean_design_icons/common/ic_help_tutorial.svg', '6466497b4a5a259f3d8d5f7d1e9960a943bc16df', [Group.ICONS]],
    ['ic_history', 'com_logiocean_design_icons/common/ic_history.svg', 'd42cab8ff6eab26c455dbd2cbe25eb0a9d7e7845', [Group.ICONS]],
    ['ic_home', 'com_logiocean_design_icons/common/ic_home.svg', 'd2b6c6048231699e43b09c2655a943e6c6224343', [Group.ICONS]],
    ['ic_increase_indent', 'com_logiocean_design_icons/common/ic_increase_indent.svg', '06991402d6e84973129eb37513fba63ce68347da', [Group.ICONS]],
    ['ic_indeterminate_check_box', 'com_logiocean_design_icons/common/ic_indeterminate_check_box.svg', '1e522d3239b2d807099184d705a7928db1959681', [Group.ICONS]],
    ['ic_insert_chart', 'com_logiocean_design_icons/common/ic_insert_chart.svg', 'e8637ec29cee2728cb7f1a25d1a51e2c136400d4', [Group.ICONS]],
    ['ic_italic', 'com_logiocean_design_icons/common/ic_italic.svg', '13ae555fea77241738d99b7d26e89f4b2ce9ee4e', [Group.ICONS]],
    ['ic_label_add', 'com_logiocean_design_icons/common/ic_label_add.svg', 'b27a4915847db100b2f350806e0ad7af90bd5b89', [Group.ICONS]],
    ['ic_label_manage', 'com_logiocean_design_icons/common/ic_label_manage.svg', 'c721b3df4b23ffbf35bee409e9eeec940059680f', [Group.ICONS]],
    ['ic_lasg_page', 'com_logiocean_design_icons/common/ic_lasg_page.svg', '5727b9ea307d848f8efbe4a82a651ed90450f14f', [Group.ICONS]],
    ['ic_line_style', 'com_logiocean_design_icons/common/ic_line_style.svg', '143ad16978baaf4d775945ec9f6a127178859063', [Group.ICONS]],
    ['ic_link', 'com_logiocean_design_icons/common/ic_link.svg', '41dae3ef236408815b29689b2f1f7b07efd53f18', [Group.ICONS]],
    ['ic_list', 'com_logiocean_design_icons/common/ic_list.svg', '44b93c0d3db8a853ed6ce6d0c3e16f2b1d179f68', [Group.ICONS]],
    ['ic_list_four', 'com_logiocean_design_icons/common/ic_list_four.svg', 'a09629f65817f14b3a751f624fec1bd5ff68e376', [Group.ICONS]],
    ['ic_location_on', 'com_logiocean_design_icons/common/ic_location_on.svg', '5357d46baa8718fad864cb9c8a07dbcf51dc91ff', [Group.ICONS]],
    ['ic_lock', 'com_logiocean_design_icons/common/ic_lock.svg', '0aa40222835ea5858ccc8dfb66feabfac0d17346', [Group.ICONS]],
    ['ic_lock_outlined', 'com_logiocean_design_icons/common/ic_lock_outlined.svg', '80177c0bc0b82ab9adfbbc22d1d30ffdde4c68a5', [Group.ICONS]],
    ['ic_login_logo', 'com_logiocean_design_icons/common/ic_login_logo.svg', '8b8a9c4e5bfb2268acc097ccee9005bf80d99c22', [Group.ICONS]],
    ['ic_logo', 'com_logiocean_design_icons/common/ic_logo.svg', '53cd10647007b83f25dfebdea114e91cef2d35e7', [Group.ICONS]],
    ['ic_logo_text', 'com_logiocean_design_icons/common/ic_logo_text.svg', '88246d7439367f88ab258163e6a3760292ef2d5b', [Group.ICONS]],
    ['ic_mail', 'com_logiocean_design_icons/common/ic_mail.svg', '963c93f20f0e6907f36bab7b6a99700dc69380a4', [Group.ICONS]],
    ['ic_math_add', 'com_logiocean_design_icons/common/ic_math_add.svg', '851f2de59f7c9ac26d4f635c852bdd8496f5e65c', [Group.ICONS]],
    ['ic_math_divi', 'com_logiocean_design_icons/common/ic_math_divi.svg', '539f0f074ef73d22879d7cc2c06d83217595c2b4', [Group.ICONS]],
    ['ic_math_minus', 'com_logiocean_design_icons/common/ic_math_minus.svg', 'c70d89883998f357bdf89bde1010d5143aaf9a01', [Group.ICONS]],
    ['ic_math_multi', 'com_logiocean_design_icons/common/ic_math_multi.svg', 'b9a3a5f86940d5e9c7b0a9e91c6fc0050314cd58', [Group.ICONS]],
    ['ic_merge', 'com_logiocean_design_icons/common/ic_merge.svg', '4ea49cf68f1fddc7d93e3daf3f453751e433ee26', [Group.ICONS]],
    ['ic_message', 'com_logiocean_design_icons/common/ic_message.svg', 'ae116188b2ad7d7de1740485b7096f937a6d2931', [Group.ICONS]],
    ['ic_more', 'com_logiocean_design_icons/common/ic_more.svg', 'b03184fc3696724df52ba8dc2feae130dfff68c5', [Group.ICONS]],
    ['ic_mysql', 'com_logiocean_design_icons/common/ic_mysql.svg', 'd75a35e9313a8ebd4ae064e510e66aa5de516e4d', [Group.ICONS]],
    ['ic_notification', 'com_logiocean_design_icons/common/ic_notification.svg', 'fe237854353def6fedc4bc0c03fb4e619a89e7e2', [Group.ICONS]],
    ['ic_notifications', 'com_logiocean_design_icons/common/ic_notifications.svg', '2b41005620267199f401b917f3389b0bb160764e', [Group.ICONS]],
    ['ic_open_in_new', 'com_logiocean_design_icons/common/ic_open_in_new.svg', '17b011102b60f9ced2771c5be4a4c6fb6f030e6d', [Group.ICONS]],
    ['ic_oracle', 'com_logiocean_design_icons/common/ic_oracle.svg', '5aa72bbfab7045bb54ce48cde98f265177ec213a', [Group.ICONS]],
    ['ic_overflow_menu', 'com_logiocean_design_icons/common/ic_overflow_menu.svg', '573fc663184fa8967ee0a0b1d5b9adf58105233f', [Group.ICONS]],
    ['ic_paintformat', 'com_logiocean_design_icons/common/ic_paintformat.svg', 'c8421d4a259d6d20e2deb07e7a6682313ff40fba', [Group.ICONS]],
    ['ic_panel_analyzer', 'com_logiocean_design_icons/common/ic_panel_analyzer.svg', '4f9ac3d3033468aaec79670fcaf66938e9e6e86f', [Group.ICONS]],
    ['ic_panel_data', 'com_logiocean_design_icons/common/ic_panel_data.svg', 'c1eaa6899eafca36952b2d85c6452d83daf4bdcf', [Group.ICONS]],
    ['ic_panel_excel', 'com_logiocean_design_icons/common/ic_panel_excel.svg', 'e0922a537988cbc015ad2c5f7337c15f8d331033', [Group.ICONS]],
    ['ic_panel_explorer', 'com_logiocean_design_icons/common/ic_panel_explorer.svg', 'a18a08b0fae60caf83f0413951373cc769f7f2bf', [Group.ICONS]],
    ['ic_panel_formula', 'com_logiocean_design_icons/common/ic_panel_formula.svg', '2ead002221348a697ba20bfb50fee3af9099c360', [Group.ICONS]],
    ['ic_panel_template', 'com_logiocean_design_icons/common/ic_panel_template.svg', '4e6482d436ce4ce0beece5caf8d5ccc5f49287dd', [Group.ICONS]],
    ['ic_panel_visualizer', 'com_logiocean_design_icons/common/ic_panel_visualizer.svg', '7723150663c2c91c865bf84a7b3702d004fa6e8d', [Group.ICONS]],
    ['ic_pause', 'com_logiocean_design_icons/common/ic_pause.svg', '14fe6234470e1cfcb38f532a2efed7133b3f23d2', [Group.ICONS]],
    ['ic_pdf', 'com_logiocean_design_icons/common/ic_pdf.svg', 'acf8b9820c427eb037b1605291bb3cd79dbfcd9b', [Group.ICONS]],
    ['ic_percent', 'com_logiocean_design_icons/common/ic_percent.svg', 'd0c5535d6ee82884e77d28ce862e5b94bbfbc959', [Group.ICONS]],
    ['ic_pic', 'com_logiocean_design_icons/common/ic_pic.svg', '165df8a77a85db15d45c964c42986589cf18192a', [Group.ICONS]],
    ['ic_play', 'com_logiocean_design_icons/common/ic_play.svg', '80661e8f48ffbd2bc2854c67a314b421914cb5a2', [Group.ICONS]],
    ['ic_point_dec', 'com_logiocean_design_icons/common/ic_point_dec.svg', 'd45d3e376b9edad0715a860741e6955b3d26e9f8', [Group.ICONS]],
    ['ic_point_inc', 'com_logiocean_design_icons/common/ic_point_inc.svg', 'e87c5cd19bbf4d3800eab6fa5d877ca20c4ed245', [Group.ICONS]],
    ['ic_publish', 'com_logiocean_design_icons/common/ic_publish.svg', 'e139d48feb5e2030a8024f28b43d4f10b6dc0d38', [Group.ICONS]],
    ['ic_refresh', 'com_logiocean_design_icons/common/ic_refresh.svg', '0746985ee77b7323fbddd8db64286612d1d80a85', [Group.ICONS]],
    ['ic_remove', 'com_logiocean_design_icons/common/ic_remove.svg', '21a07abc3358eac341f5fbaa7d87f06f7523707f', [Group.ICONS]],
    ['ic_restart', 'com_logiocean_design_icons/common/ic_restart.svg', '493d4c6daa9c8f75b235f18fe7abb16b9920e0ec', [Group.ICONS]],
    ['ic_review', 'com_logiocean_design_icons/common/ic_review.svg', '6e15d4cdba0ac4586102eaa1af68935de5fd1862', [Group.ICONS]],
    ['ic_scanner', 'com_logiocean_design_icons/common/ic_scanner.svg', '17923f9a53ba9b147ba01a6723468bb1703b29c2', [Group.ICONS]],
    ['ic_search', 'com_logiocean_design_icons/common/ic_search.svg', '5c8f71a0e5cf171fcb5189302574a99f2c6ed3d9', [Group.ICONS]],
    ['ic_select_node', 'com_logiocean_design_icons/common/ic_select_node.svg', '302902ca458f34c82bd14ca039f5dd81126dbd9a', [Group.ICONS]],
    ['ic_select_row', 'com_logiocean_design_icons/common/ic_select_row.svg', '5230ae22c5f455b2e603f2c3d2515df35044868b', [Group.ICONS]],
    ['ic_selected', 'com_logiocean_design_icons/common/ic_selected.svg', '956065afeef84acd4f40ee61ba358fe1babb1ffa', [Group.ICONS]],
    ['ic_separator', 'com_logiocean_design_icons/common/ic_separator.svg', '81c26afd0b094c632ce4114a9632305504b369c8', [Group.ICONS]],
    ['ic_set_column', 'com_logiocean_design_icons/common/ic_set_column.svg', 'ddf62e6821d9140097bb1efb33e10717f2ad7245', [Group.ICONS]],
    ['ic_set_head', 'com_logiocean_design_icons/common/ic_set_head.svg', 'fd6cf1cadc7e4b5323e1b055d4a0fe772d9a2cc6', [Group.ICONS]],
    ['ic_set_null', 'com_logiocean_design_icons/common/ic_set_null.svg', '638b7d62ce6334a23309969c706308d224d95783', [Group.ICONS]],
    ['ic_set_zero', 'com_logiocean_design_icons/common/ic_set_zero.svg', 'c47b9816980b7c49d2bd75632c8efd0d8f488cc8', [Group.ICONS]],
    ['ic_setting', 'com_logiocean_design_icons/common/ic_setting.svg', 'd3c248b5c7ceeb085f48a2917b21d9c361dbdde9', [Group.ICONS]],
    ['ic_sheet', 'com_logiocean_design_icons/common/ic_sheet.svg', '789ad469994e01cceb3bfa6168d2c91ad6f957d1', [Group.ICONS]],
    ['ic_start_data', 'com_logiocean_design_icons/common/ic_start_data.svg', 'db9a1097dfef8e17a9b0457cb4ce97cabed7cc6b', [Group.ICONS]],
    ['ic_start_load', 'com_logiocean_design_icons/common/ic_start_load.svg', 'f8df6929013b45bbdda9edde67064d4c978c8eb1', [Group.ICONS]],
    ['ic_start_new', 'com_logiocean_design_icons/common/ic_start_new.svg', 'a0abe642d17a1e962865e7100f801d5d18c11af3', [Group.ICONS]],
    ['ic_start_open', 'com_logiocean_design_icons/common/ic_start_open.svg', '417a737a7b4d62569bcff822906f1ce961b8babe', [Group.ICONS]],
    ['ic_start_save', 'com_logiocean_design_icons/common/ic_start_save.svg', 'db0822f804e85edcca28f2621a31a7ec5fa2c6e0', [Group.ICONS]],
    ['ic_start_save_as', 'com_logiocean_design_icons/common/ic_start_save_as.svg', '2d58cd380984f9177af3feb74c29fb6c0482978f', [Group.ICONS]],
    ['ic_stock', 'com_logiocean_design_icons/common/ic_stock.svg', '8581511b5942a23ebb0f194a9676dc10d4ab5b79', [Group.ICONS]],
    ['ic_stock_data', 'com_logiocean_design_icons/common/ic_stock_data.svg', '37c161d427936484230a72ca8ea35c3456059153', [Group.ICONS]],
    ['ic_stock_detail', 'com_logiocean_design_icons/common/ic_stock_detail.svg', 'b340a106b6bff3c9a93a9980bdcdd2eabddc6f32', [Group.ICONS]],
    ['ic_stock_list', 'com_logiocean_design_icons/common/ic_stock_list.svg', '6577c3d01a89a27aec42f13e038c495b636850a9', [Group.ICONS]],
    ['ic_stock_model', 'com_logiocean_design_icons/common/ic_stock_model.svg', '5c1c1b61412023925ccd10ec36d49a62b4e77ecf', [Group.ICONS]],
    ['ic_stock_notes', 'com_logiocean_design_icons/common/ic_stock_notes.svg', '214a3f680bd1c603e037d451fdacecf69122635b', [Group.ICONS]],
    ['ic_strikethrough', 'com_logiocean_design_icons/common/ic_strikethrough.svg', '45f992810799a2f93393cb02da387a6a263605e3', [Group.ICONS]],
    ['ic_success', 'com_logiocean_design_icons/common/ic_success.svg', 'b574f6d4c455563c344341d718fec8e489b10983', [Group.ICONS]],
    ['ic_tab_doc', 'com_logiocean_design_icons/common/ic_tab_doc.svg', '287342d0bbe379206f0e7567a8345feeb5a400a8', [Group.ICONS]],
    ['ic_tab_duo', 'com_logiocean_design_icons/common/ic_tab_duo.svg', '148157af5b2edec22d9b19c085520bec2a13d852', [Group.ICONS]],
    ['ic_tab_model', 'com_logiocean_design_icons/common/ic_tab_model.svg', '7c8521009093ca108c89118c0f4e91bfe3946302', [Group.ICONS]],
    ['ic_tab_mono', 'com_logiocean_design_icons/common/ic_tab_mono.svg', '13e49dab39e0e4bf3b64cbe2a7ebacf0a3bcfec4', [Group.ICONS]],
    ['ic_tab_poly', 'com_logiocean_design_icons/common/ic_tab_poly.svg', '875c34f824ae93be02731209f9deb15d54d93eb6', [Group.ICONS]],
    ['ic_tab_scs', 'com_logiocean_design_icons/common/ic_tab_scs.svg', '0cb8706d0ced3d14eecb465727dfe17ab3f9aec6', [Group.ICONS]],
    ['ic_tab_setting', 'com_logiocean_design_icons/common/ic_tab_setting.svg', '8f56eb959ebc17c633582bc77fb61a3fb1bb69e9', [Group.ICONS]],
    ['ic_tab_template', 'com_logiocean_design_icons/common/ic_tab_template.svg', 'ac6d89b888d61565250ecae24894e8195a1ddb6d', [Group.ICONS]],
    ['ic_tab_trace', 'com_logiocean_design_icons/common/ic_tab_trace.svg', '8ef32904e18f5b9b34b3dc823aff00d4a5615905', [Group.ICONS]],
    ['ic_table', 'com_logiocean_design_icons/common/ic_table.svg', 'fffac6d13169afe4089c7cf78330e648106b81a2', [Group.ICONS]],
    ['ic_table_filter', 'com_logiocean_design_icons/common/ic_table_filter.svg', '84779b333ff045b03286d6b4fac1ae52efd6165f', [Group.ICONS]],
    ['ic_team', 'com_logiocean_design_icons/common/ic_team.svg', '06ee3e251ab3c17aaa6feaf7443f227ee1181f39', [Group.ICONS]],
    ['ic_team_setting', 'com_logiocean_design_icons/common/ic_team_setting.svg', '07011503911ae77ba1e01b46ce057366c4e74c5f', [Group.ICONS]],
    ['ic_template_import', 'com_logiocean_design_icons/common/ic_template_import.svg', 'c979c9311ad537a3fb418493f19284befaddfab9', [Group.ICONS]],
    ['ic_template_setting', 'com_logiocean_design_icons/common/ic_template_setting.svg', 'c2e3d425730e4ff4dc4bfed630e88941278f25c1', [Group.ICONS]],
    ['ic_text_clip', 'com_logiocean_design_icons/common/ic_text_clip.svg', 'a24340f1d2a17bf06524f4142c715f57a662f0da', [Group.ICONS]],
    ['ic_text_color', 'com_logiocean_design_icons/common/ic_text_color.svg', '967bada01652451a2d23d3c3f8ae06673a73c7d1', [Group.ICONS]],
    ['ic_text_overflow', 'com_logiocean_design_icons/common/ic_text_overflow.svg', '0bfcb17902e01f55afee67cb066a4b0700893e8d', [Group.ICONS]],
    ['ic_text_wrap', 'com_logiocean_design_icons/common/ic_text_wrap.svg', '33935a63a2c1a29d747c1c217ef75b5bde208a0f', [Group.ICONS]],
    ['ic_textwrap', 'com_logiocean_design_icons/common/ic_textwrap.svg', 'b61b07f8ba9af70a880ccf0d38aec565e8b40cff', [Group.ICONS]],
    ['ic_underline', 'com_logiocean_design_icons/common/ic_underline.svg', '99cb3ebc6a79616d36f48b385a96243677702df7', [Group.ICONS]],
    ['ic_unflag_outline', 'com_logiocean_design_icons/common/ic_unflag_outline.svg', 'abf52fb63e05d06b4c8d0390ab83237bf41ffa31', [Group.ICONS]],
    ['ic_unlink', 'com_logiocean_design_icons/common/ic_unlink.svg', '1b519e4d19a859c3b20fd9cbd2cbb71f1e890262', [Group.ICONS]],
    ['ic_update', 'com_logiocean_design_icons/common/ic_update.svg', 'f110ad7674025219bf1432c358cd7fe4fdffdda3', [Group.ICONS]],
    ['ic_user', 'com_logiocean_design_icons/common/ic_user.svg', 'a38b8f1bc033e6aa45744e9d952460f50d0f72ce', [Group.ICONS]],
    ['ic_user_information', 'com_logiocean_design_icons/common/ic_user_information.svg', '9b34a41571811449e008ed69823c2a5887dab99b', [Group.ICONS]],
    ['ic_user_library', 'com_logiocean_design_icons/common/ic_user_library.svg', 'c8a03ad4a6efadf9b8790143e402c9d4f63ed6ec', [Group.ICONS]],
    ['ic_user_notification', 'com_logiocean_design_icons/common/ic_user_notification.svg', 'a425fed97f41649ec298424bc89de256b277efb4', [Group.ICONS]],
    ['ic_valign', 'com_logiocean_design_icons/common/ic_valign.svg', 'd8677e19e3e630f4babd8925246636898b3f90c3', [Group.ICONS]],
    ['ic_valign_middle', 'com_logiocean_design_icons/common/ic_valign_middle.svg', 'd7ac20fdef77e111c9b11c95fa5edd40a9085756', [Group.ICONS]],
    ['ic_valign_top', 'com_logiocean_design_icons/common/ic_valign_top.svg', '12d8bed2eff988140d09df6481e38747bd1db168', [Group.ICONS]],
    ['ic_value', 'com_logiocean_design_icons/common/ic_value.svg', 'dadbe515635c6222dac529c14c74b1b25d9b66bc', [Group.ICONS]],
    ['ic_view_compact_view', 'com_logiocean_design_icons/common/ic_view_compact_view.svg', '3bf241395db4476c37f534b4bff016dabcbc223d', [Group.ICONS]],
    ['ic_view_editor_view', 'com_logiocean_design_icons/common/ic_view_editor_view.svg', 'd6545ec39dc8d2cc97c4a9cd1e17e03a03a19f8a', [Group.ICONS]],
    ['ic_view_hide_label', 'com_logiocean_design_icons/common/ic_view_hide_label.svg', '288c4b9b131b4fae2929b8f7926f2e26229507d0', [Group.ICONS]],
    ['ic_view_show_label', 'com_logiocean_design_icons/common/ic_view_show_label.svg', 'd4bb562ff9c90b7a3d104ace4f0eb4014f356e3b', [Group.ICONS]],
    ['ic_visibility', 'com_logiocean_design_icons/common/ic_visibility.svg', 'd9be06a9ed222d5b89e4d855d41aab04d10c15ef', [Group.ICONS]],
    ['ic_visibility_off', 'com_logiocean_design_icons/common/ic_visibility_off.svg', 'ae03909dc9bb2a0668839acf8b6e65c94ef18480', [Group.ICONS]],
    ['ic_window_max', 'com_logiocean_design_icons/common/ic_window_max.svg', 'a44f438a17e4d18eda84aafc5c885f592a2bce9e', [Group.ICONS]],
    ['ic_window_min', 'com_logiocean_design_icons/common/ic_window_min.svg', '644855c1dbe396e5c9546eefd52a2dfbb500b415', [Group.ICONS]],
    ['ic_window_restore', 'com_logiocean_design_icons/common/ic_window_restore.svg', '263541f5146c00b9f7b962f37dc9f8c778a825be', [Group.ICONS]],
    ['ic_workspace', 'com_logiocean_design_icons/common/ic_workspace.svg', 'eb3e6f248ebc7d2869c1b2cb3c630ac48fdac819', [Group.ICONS]],
]

/**
 * All icons defined at current ts.
 */
export const ICONS: readonly NgIcon[] = createIcons()

type Data = readonly [string, string, string, readonly Group[]]

function createIcons(): readonly NgIcon[] {
    const icons: NgIcon[] = []
    DATA.forEach((data: Data): void => {
        icons.push({
            // tslint:disable-next-line: no-magic-numbers
            groups: data[3],
            // tslint:disable-next-line: no-magic-numbers
            hash: data[2],
            id: data[0],
            uri: data[1],
        })
    })
    return icons
}
