{"prefix": "logi/rules/md/test", "menu": {"title": "Examples", "group": [{"title": "Ex", "url": "rules/md/test/examples/ex.md"}, {"title": "Foo", "group": [{"title": "Bar", "url": "rules/md/test/examples/foo/bar.md"}, {"title": "Cat", "url": "rules/md/test/examples/foo/cat.md"}, {"title": "Foo\u4e2d\u6587", "group": [{"title": "Bar", "url": "rules/md/test/examples/foo/foo1/bar.md"}, {"title": "Cat", "url": "rules/md/test/examples/foo/foo1/cat.md"}]}]}]}}